
 nginx Pulling 
 payment-service-1 Pulling 
 payment-service-2 Pulling 
 redis Pulling 
 9824c27679d3 Already exists 
 6bc572a340ec Pulling fs layer 
 403e3f251637 Pulling fs layer 
 9adfbae99cb7 Pulling fs layer 
 7a8a46741e18 Pulling fs layer 
 c9ebe2ff2d2c Pulling fs layer 
 a992fbc61ecc Pulling fs layer 
 cb1ff4086f82 Pulling fs layer 
 c9ebe2ff2d2c Waiting 
 a992fbc61ecc Waiting 
 7a8a46741e18 Waiting 
 cb1ff4086f82 Waiting 
 6bc572a340ec Downloading [>                                                  ]  19.14kB/1.806MB
 9adfbae99cb7 Downloading [==================================================>]     955B/955B
 9adfbae99cb7 Verifying Checksum 
 9adfbae99cb7 Download complete 
 403e3f251637 Downloading [==================================================>]     628B/628B
 403e3f251637 Verifying Checksum 
 403e3f251637 Download complete 
 6bc572a340ec Verifying Checksum 
 6bc572a340ec Download complete 
 6bc572a340ec Extracting [>                                                  ]  32.77kB/1.806MB
 6bc572a340ec Extracting [==================================================>]  1.806MB/1.806MB
 6bc572a340ec Pull complete 
 403e3f251637 Extracting [==================================================>]     628B/628B
 403e3f251637 Extracting [==================================================>]     628B/628B
 9824c27679d3 Already exists 
 32dde6d30ac5 Pulling fs layer 
 95f00fbc3d84 Pulling fs layer 
 418367614e8a Pulling fs layer 
 32dde6d30ac5 Waiting 
 95f00fbc3d84 Waiting 
 418367614e8a Waiting 
 403e3f251637 Pull complete 
 9adfbae99cb7 Extracting [==================================================>]     955B/955B
 9adfbae99cb7 Extracting [==================================================>]     955B/955B
 9adfbae99cb7 Pull complete 
 a992fbc61ecc Downloading [=====================================>             ]  1.049kB/1.398kB
 a992fbc61ecc Downloading [==================================================>]  1.398kB/1.398kB
 a992fbc61ecc Verifying Checksum 
 a992fbc61ecc Download complete 
 7a8a46741e18 Downloading [==================================================>]     405B/405B
 7a8a46741e18 Verifying Checksum 
 7a8a46741e18 Download complete 
 7a8a46741e18 Extracting [==================================================>]     405B/405B
 7a8a46741e18 Extracting [==================================================>]     405B/405B
 7a8a46741e18 Pull complete 
 9824c27679d3 Already exists 
 32dde6d30ac5 Pulling fs layer 
 95f00fbc3d84 Pulling fs layer 
 418367614e8a Pulling fs layer 
 418367614e8a Waiting 
 32dde6d30ac5 Waiting 
 95f00fbc3d84 Waiting 
 c9ebe2ff2d2c Downloading [===========================================>       ]  1.049kB/1.209kB
 c9ebe2ff2d2c Downloading [==================================================>]  1.209kB/1.209kB
 c9ebe2ff2d2c Verifying Checksum 
 c9ebe2ff2d2c Download complete 
 c9ebe2ff2d2c Extracting [==================================================>]  1.209kB/1.209kB
 c9ebe2ff2d2c Extracting [==================================================>]  1.209kB/1.209kB
 9824c27679d3 Already exists 
 97065d8f4164 Pulling fs layer 
 dc8b9e3ff4af Pulling fs layer 
 fd6a186858e3 Pulling fs layer 
 3e1be1ab9e57 Pulling fs layer 
 4f4fb700ef54 Pulling fs layer 
 eaea4f58fa7c Pulling fs layer 
 97065d8f4164 Waiting 
 dc8b9e3ff4af Waiting 
 3e1be1ab9e57 Waiting 
 fd6a186858e3 Waiting 
 4f4fb700ef54 Waiting 
 c9ebe2ff2d2c Pull complete 
 a992fbc61ecc Extracting [==================================================>]  1.398kB/1.398kB
 a992fbc61ecc Extracting [==================================================>]  1.398kB/1.398kB
 a992fbc61ecc Pull complete 
 cb1ff4086f82 Downloading [>                                                  ]  171.9kB/16.84MB
 cb1ff4086f82 Downloading [==================================>                ]  11.55MB/16.84MB
 cb1ff4086f82 Verifying Checksum 
 cb1ff4086f82 Download complete 
 cb1ff4086f82 Extracting [>                                                  ]  196.6kB/16.84MB
 cb1ff4086f82 Extracting [===========>                                       ]  3.932MB/16.84MB
 cb1ff4086f82 Extracting [===================================>               ]   11.8MB/16.84MB
 32dde6d30ac5 Verifying Checksum 
 32dde6d30ac5 Downloading [==================================================>]      93B/93B
 32dde6d30ac5 Download complete 
 32dde6d30ac5 Verifying Checksum 
 32dde6d30ac5 Download complete 
 32dde6d30ac5 Extracting [==================================================>]      93B/93B
 32dde6d30ac5 Extracting [==================================================>]      93B/93B
 32dde6d30ac5 Extracting [==================================================>]      93B/93B
 32dde6d30ac5 Extracting [==================================================>]      93B/93B
 32dde6d30ac5 Pull complete 
 32dde6d30ac5 Pull complete 
 95f00fbc3d84 Downloading [>                                                  ]  3.745kB/282.5kB
 95f00fbc3d84 Downloading [>                                                  ]  3.745kB/282.5kB
 95f00fbc3d84 Download complete 
 95f00fbc3d84 Download complete 
 95f00fbc3d84 Extracting [=====>                                             ]  32.77kB/282.5kB
 95f00fbc3d84 Extracting [=====>                                             ]  32.77kB/282.5kB
 cb1ff4086f82 Extracting [==================================================>]  16.84MB/16.84MB
 95f00fbc3d84 Extracting [==================================================>]  282.5kB/282.5kB
 95f00fbc3d84 Extracting [==================================================>]  282.5kB/282.5kB
 95f00fbc3d84 Extracting [==================================================>]  282.5kB/282.5kB
 95f00fbc3d84 Extracting [==================================================>]  282.5kB/282.5kB
 cb1ff4086f82 Pull complete 
 95f00fbc3d84 Pull complete 
 95f00fbc3d84 Pull complete 
 nginx Pulled 
 97065d8f4164 Downloading [==================================================>]     949B/949B
 97065d8f4164 Verifying Checksum 
 97065d8f4164 Download complete 
 97065d8f4164 Extracting [==================================================>]     949B/949B
 97065d8f4164 Extracting [==================================================>]     949B/949B
 97065d8f4164 Pull complete 
 dc8b9e3ff4af Downloading [>                                                  ]  2.416kB/197kB
 dc8b9e3ff4af Verifying Checksum 
 dc8b9e3ff4af Download complete 
 dc8b9e3ff4af Extracting [========>                                          ]  32.77kB/197kB
 418367614e8a Downloading [>                                                  ]  38.31kB/3.711MB
 418367614e8a Downloading [>                                                  ]  38.31kB/3.711MB
 dc8b9e3ff4af Extracting [==================================================>]    197kB/197kB
 418367614e8a Verifying Checksum 
 418367614e8a Download complete 
 418367614e8a Download complete 
 418367614e8a Extracting [>                                                  ]  65.54kB/3.711MB
 418367614e8a Extracting [>                                                  ]  65.54kB/3.711MB
 418367614e8a Extracting [==================================================>]  3.711MB/3.711MB
 418367614e8a Extracting [==================================================>]  3.711MB/3.711MB
 418367614e8a Extracting [==================================================>]  3.711MB/3.711MB
 418367614e8a Extracting [==================================================>]  3.711MB/3.711MB
 418367614e8a Pull complete 
 418367614e8a Pull complete 
 payment-service-1 Pulled 
 payment-service-2 Pulled 
 dc8b9e3ff4af Pull complete 
 fd6a186858e3 Downloading [>                                                  ]  237.6kB/23.47MB
 3e1be1ab9e57 Downloading [==================================================>]     100B/100B
 3e1be1ab9e57 Verifying Checksum 
 3e1be1ab9e57 Download complete 
 fd6a186858e3 Downloading [=====================>                             ]  10.24MB/23.47MB
 4f4fb700ef54 Downloading [==================================================>]      32B/32B
 4f4fb700ef54 Verifying Checksum 
 4f4fb700ef54 Download complete 
 fd6a186858e3 Downloading [======================================>            ]  17.85MB/23.47MB
 fd6a186858e3 Verifying Checksum 
 fd6a186858e3 Download complete 
 fd6a186858e3 Extracting [>                                                  ]  262.1kB/23.47MB
 fd6a186858e3 Extracting [=================>                                 ]  8.126MB/23.47MB
 fd6a186858e3 Extracting [=================================>                 ]  15.73MB/23.47MB
 fd6a186858e3 Extracting [==================================================>]  23.47MB/23.47MB
 eaea4f58fa7c Downloading [========================>                          ]  1.049kB/2.105kB
 eaea4f58fa7c Downloading [==================================================>]  2.105kB/2.105kB
 eaea4f58fa7c Verifying Checksum 
 eaea4f58fa7c Download complete 
 fd6a186858e3 Pull complete 
 3e1be1ab9e57 Extracting [==================================================>]     100B/100B
 3e1be1ab9e57 Extracting [==================================================>]     100B/100B
 3e1be1ab9e57 Pull complete 
 4f4fb700ef54 Extracting [==================================================>]      32B/32B
 4f4fb700ef54 Extracting [==================================================>]      32B/32B
 4f4fb700ef54 Pull complete 
 eaea4f58fa7c Extracting [==================================================>]  2.105kB/2.105kB
 eaea4f58fa7c Extracting [==================================================>]  2.105kB/2.105kB
 eaea4f58fa7c Pull complete 
 redis Pulled 
 Network dolphs-go_backend  Creating
 Network dolphs-go_backend  Created
 Container redis  Creating
 Container redis  Created
 Container payment-service-1  Creating
 Container payment-service-2  Creating
 Container payment-service-2  Created
 Container payment-service-1  Created
 Container nginx-lb  Creating
 Container nginx-lb  Created
Attaching to nginx-lb, payment-service-1, payment-service-2, redis
redis  | Starting Redis Server
redis  | 1:C 21 Aug 2025 05:48:58.618 # WARNING Memory overcommit must be enabled! Without it, a background save or replication may fail under low memory condition. Being disabled, it can also cause failures without low memory condition, see https://github.com/jemalloc/jemalloc/issues/1328. To fix this issue add 'vm.overcommit_memory = 1' to /etc/sysctl.conf and then reboot or run the command 'sysctl vm.overcommit_memory=1' for this to take effect.
redis  | 1:C 21 Aug 2025 05:48:58.618 * oO0OoO0OoO0Oo Redis is starting oO0OoO0OoO0Oo
redis  | 1:C 21 Aug 2025 05:48:58.618 * Redis version=8.2.0, bits=64, commit=00000000, modified=1, pid=1, just started
redis  | 1:C 21 Aug 2025 05:48:58.618 * Configuration loaded
redis  | 1:M 21 Aug 2025 05:48:58.618 * monotonic clock: POSIX clock_gettime
redis  | 1:M 21 Aug 2025 05:48:58.619 * Running mode=standalone, port=6379.
redis  | 1:M 21 Aug 2025 05:48:58.619 * <bf> RedisBloom version 8.2.0 (Git=unknown)
redis  | 1:M 21 Aug 2025 05:48:58.619 * <bf> Registering configuration options: [
redis  | 1:M 21 Aug 2025 05:48:58.619 * <bf> 	{ bf-error-rate       :      0.01 }
redis  | 1:M 21 Aug 2025 05:48:58.620 * <bf> 	{ bf-initial-size     :       100 }
redis  | 1:M 21 Aug 2025 05:48:58.620 * <bf> 	{ bf-expansion-factor :         2 }
redis  | 1:M 21 Aug 2025 05:48:58.620 * <bf> 	{ cf-bucket-size      :         2 }
redis  | 1:M 21 Aug 2025 05:48:58.620 * <bf> 	{ cf-initial-size     :      1024 }
redis  | 1:M 21 Aug 2025 05:48:58.620 * <bf> 	{ cf-max-iterations   :        20 }
redis  | 1:M 21 Aug 2025 05:48:58.620 * <bf> 	{ cf-expansion-factor :         1 }
redis  | 1:M 21 Aug 2025 05:48:58.620 * <bf> 	{ cf-max-expansions   :        32 }
redis  | 1:M 21 Aug 2025 05:48:58.620 * <bf> ]
redis  | 1:M 21 Aug 2025 05:48:58.620 * Module 'bf' loaded from /usr/local/lib/redis/modules//redisbloom.so
redis  | 1:M 21 Aug 2025 05:48:58.622 * <search> Redis version found by RedisSearch : 8.2.0 - oss
redis  | 1:M 21 Aug 2025 05:48:58.622 * <search> RediSearch version 8.2.0 (Git=d81ebce)
redis  | 1:M 21 Aug 2025 05:48:58.622 * <search> Low level api version 1 initialized successfully
redis  | 1:M 21 Aug 2025 05:48:58.622 * <search> gc: ON, prefix min length: 2, min word length to stem: 4, prefix max expansions: 200, query timeout (ms): 500, timeout policy: return, cursor read size: 1000, cursor max idle (ms): 300000, max doctable size: 1000000, max number of search results:  1000000, 
redis  | 1:M 21 Aug 2025 05:48:58.622 * <search> Initialized thread pools!
redis  | 1:M 21 Aug 2025 05:48:58.622 * <search> Disabled workers threadpool of size 0
redis  | 1:M 21 Aug 2025 05:48:58.622 * <search> Subscribe to config changes
redis  | 1:M 21 Aug 2025 05:48:58.622 * <search> Enabled role change notification
redis  | 1:M 21 Aug 2025 05:48:58.623 * <search> Cluster configuration: AUTO partitions, type: 0, coordinator timeout: 0ms
redis  | 1:M 21 Aug 2025 05:48:58.623 * <search> Register write commands
redis  | 1:M 21 Aug 2025 05:48:58.623 * Module 'search' loaded from /usr/local/lib/redis/modules//redisearch.so
redis  | 1:M 21 Aug 2025 05:48:58.623 * <timeseries> RedisTimeSeries version 80200, git_sha=1439d4a439ca9c063e6ef124a510abff09a5d493
redis  | 1:M 21 Aug 2025 05:48:58.623 * <timeseries> Redis version found by RedisTimeSeries : 8.2.0 - oss
redis  | 1:M 21 Aug 2025 05:48:58.623 * <timeseries> Registering configuration options: [
redis  | 1:M 21 Aug 2025 05:48:58.623 * <timeseries> 	{ ts-compaction-policy   :              }
redis  | 1:M 21 Aug 2025 05:48:58.623 * <timeseries> 	{ ts-num-threads         :            3 }
redis  | 1:M 21 Aug 2025 05:48:58.623 * <timeseries> 	{ ts-retention-policy    :            0 }
redis  | 1:M 21 Aug 2025 05:48:58.623 * <timeseries> 	{ ts-duplicate-policy    :        block }
redis  | 1:M 21 Aug 2025 05:48:58.623 * <timeseries> 	{ ts-chunk-size-bytes    :         4096 }
redis  | 1:M 21 Aug 2025 05:48:58.623 * <timeseries> 	{ ts-encoding            :   compressed }
redis  | 1:M 21 Aug 2025 05:48:58.623 * <timeseries> 	{ ts-ignore-max-time-diff:            0 }
redis  | 1:M 21 Aug 2025 05:48:58.623 * <timeseries> 	{ ts-ignore-max-val-diff :     0.000000 }
redis  | 1:M 21 Aug 2025 05:48:58.623 * <timeseries> ]
redis  | 1:M 21 Aug 2025 05:48:58.623 * <timeseries> Detected redis oss
redis  | 1:M 21 Aug 2025 05:48:58.624 * <timeseries> Enabled diskless replication
redis  | 1:M 21 Aug 2025 05:48:58.624 * Module 'timeseries' loaded from /usr/local/lib/redis/modules//redistimeseries.so
redis  | 1:M 21 Aug 2025 05:48:58.624 * <ReJSON> Created new data type 'ReJSON-RL'
redis  | 1:M 21 Aug 2025 05:48:58.624 * <ReJSON> version: 80200 git sha: unknown branch: unknown
redis  | 1:M 21 Aug 2025 05:48:58.624 * <ReJSON> Exported RedisJSON_V1 API
redis  | 1:M 21 Aug 2025 05:48:58.624 * <ReJSON> Exported RedisJSON_V2 API
redis  | 1:M 21 Aug 2025 05:48:58.624 * <ReJSON> Exported RedisJSON_V3 API
redis  | 1:M 21 Aug 2025 05:48:58.624 * <ReJSON> Exported RedisJSON_V4 API
redis  | 1:M 21 Aug 2025 05:48:58.624 * <ReJSON> Exported RedisJSON_V5 API
redis  | 1:M 21 Aug 2025 05:48:58.624 * <ReJSON> Enabled diskless replication
redis  | 1:M 21 Aug 2025 05:48:58.624 * <ReJSON> Initialized shared string cache, thread safe: false.
redis  | 1:M 21 Aug 2025 05:48:58.624 * Module 'ReJSON' loaded from /usr/local/lib/redis/modules//rejson.so
redis  | 1:M 21 Aug 2025 05:48:58.624 * <search> Acquired RedisJSON_V5 API
redis  | 1:M 21 Aug 2025 05:48:58.625 * Server initialized
redis  | 1:M 21 Aug 2025 05:48:58.625 * Ready to accept connections tcp
payment-service-2  | Numeber of maxWorkers: 0, Queue length: 0
payment-service-2  | 
payment-service-2  |  ┌───────────────────────────────────────────────────┐ 
payment-service-2  |  │                   Fiber v2.52.9                   │ 
payment-service-2  |  │               http://127.0.0.1:8080               │ 
payment-service-2  |  │       (bound on host 0.0.0.0 and port 8080)       │ 
payment-service-2  |  │                                                   │ 
payment-service-2  |  │ Handlers ............. 5  Processes ........... 1 │ 
payment-service-2  |  │ Prefork ....... Disabled  PID ................. 1 │ 
payment-service-2  |  └───────────────────────────────────────────────────┘ 
payment-service-2  | 
payment-service-1  | Numeber of maxWorkers: 0, Queue length: 0
payment-service-1  | 
payment-service-1  |  ┌───────────────────────────────────────────────────┐ 
payment-service-1  |  │                   Fiber v2.52.9                   │ 
payment-service-1  |  │               http://127.0.0.1:8080               │ 
payment-service-1  |  │       (bound on host 0.0.0.0 and port 8080)       │ 
payment-service-1  |  │                                                   │ 
payment-service-1  |  │ Handlers ............. 5  Processes ........... 1 │ 
payment-service-1  |  │ Prefork ....... Disabled  PID ................. 1 │ 
payment-service-1  |  └───────────────────────────────────────────────────┘ 
payment-service-1  | 
nginx-lb           | /docker-entrypoint.sh: /docker-entrypoint.d/ is not empty, will attempt to perform configuration
nginx-lb           | /docker-entrypoint.sh: Looking for shell scripts in /docker-entrypoint.d/
nginx-lb           | /docker-entrypoint.sh: Launching /docker-entrypoint.d/10-listen-on-ipv6-by-default.sh
nginx-lb           | 10-listen-on-ipv6-by-default.sh: info: Getting the checksum of /etc/nginx/conf.d/default.conf
nginx-lb           | 10-listen-on-ipv6-by-default.sh: info: Enabled listen on IPv6 in /etc/nginx/conf.d/default.conf
nginx-lb           | /docker-entrypoint.sh: Sourcing /docker-entrypoint.d/15-local-resolvers.envsh
nginx-lb           | /docker-entrypoint.sh: Launching /docker-entrypoint.d/20-envsubst-on-templates.sh
nginx-lb           | /docker-entrypoint.sh: Launching /docker-entrypoint.d/30-tune-worker-processes.sh
nginx-lb           | /docker-entrypoint.sh: Configuration complete; ready for start up
payment-service-2  | Numeber of maxWorkers: 2, Queue length: 0
payment-service-1  | Numeber of maxWorkers: 2, Queue length: 0
payment-service-2  | Numeber of maxWorkers: 2, Queue length: 0
payment-service-1  | Numeber of maxWorkers: 2, Queue length: 0
payment-service-2  | Numeber of maxWorkers: 2, Queue length: 0
payment-service-1  | Numeber of maxWorkers: 2, Queue length: 0
payment-service-2  | Numeber of maxWorkers: 2, Queue length: 0
payment-service-1  | Numeber of maxWorkers: 2, Queue length: 0
payment-service-2  | Numeber of maxWorkers: 2, Queue length: 0
payment-service-1  | Numeber of maxWorkers: 2, Queue length: 0
payment-service-2  | Numeber of maxWorkers: 2, Queue length: 0
payment-service-1  | Numeber of maxWorkers: 2, Queue length: 0
payment-service-2  | Numeber of maxWorkers: 2, Queue length: 0
payment-service-1  | Numeber of maxWorkers: 2, Queue length: 0
payment-service-2  | Numeber of maxWorkers: 2, Queue length: 0
payment-service-1  | Numeber of maxWorkers: 2, Queue length: 0
payment-service-2  | Numeber of maxWorkers: 2, Queue length: 0
payment-service-1  | Numeber of maxWorkers: 2, Queue length: 0
payment-service-2  | Numeber of maxWorkers: 2, Queue length: 0
payment-service-1  | Numeber of maxWorkers: 2, Queue length: 0
payment-service-2  | Numeber of maxWorkers: 2, Queue length: 0
payment-service-1  | Numeber of maxWorkers: 2, Queue length: 0
payment-service-2  | Numeber of maxWorkers: 2, Queue length: 0
payment-service-1  | Numeber of maxWorkers: 2, Queue length: 0
payment-service-2  | Numeber of maxWorkers: 2, Queue length: 0
payment-service-1  | Numeber of maxWorkers: 2, Queue length: 0
payment-service-2  | Numeber of maxWorkers: 2, Queue length: 0
payment-service-1  | Numeber of maxWorkers: 2, Queue length: 0
payment-service-2  | Numeber of maxWorkers: 2, Queue length: 0
payment-service-1  | Numeber of maxWorkers: 2, Queue length: 0
payment-service-2  | Numeber of maxWorkers: 2, Queue length: 0
payment-service-1  | Numeber of maxWorkers: 2, Queue length: 0
payment-service-2  | Numeber of maxWorkers: 2, Queue length: 0
payment-service-1  | Numeber of maxWorkers: 2, Queue length: 0
payment-service-2  | Numeber of maxWorkers: 2, Queue length: 0
payment-service-1  | Numeber of maxWorkers: 2, Queue length: 0
payment-service-2  | Numeber of maxWorkers: 2, Queue length: 0
payment-service-1  | Numeber of maxWorkers: 2, Queue length: 0
payment-service-2  | Numeber of maxWorkers: 2, Queue length: 2
payment-service-1  | Numeber of maxWorkers: 2, Queue length: 4
payment-service-2  | Numeber of maxWorkers: 2, Queue length: 65
payment-service-1  | Numeber of maxWorkers: 2, Queue length: 67
payment-service-2  | Numeber of maxWorkers: 4, Queue length: 131
payment-service-1  | Numeber of maxWorkers: 4, Queue length: 133
payment-service-2  | Numeber of maxWorkers: 7, Queue length: 201
payment-service-1  | Numeber of maxWorkers: 7, Queue length: 202
payment-service-2  | Numeber of maxWorkers: 10, Queue length: 272
payment-service-1  | Numeber of maxWorkers: 10, Queue length: 278
payment-service-2  | Numeber of maxWorkers: 12, Queue length: 350
payment-service-1  | Numeber of maxWorkers: 13, Queue length: 351
payment-service-2  | Numeber of maxWorkers: 16, Queue length: 429
payment-service-1  | Numeber of maxWorkers: 16, Queue length: 431
payment-service-2  | Numeber of maxWorkers: 19, Queue length: 516
payment-service-1  | Numeber of maxWorkers: 19, Queue length: 512
payment-service-2  | Numeber of maxWorkers: 22, Queue length: 601
payment-service-1  | Numeber of maxWorkers: 22, Queue length: 600
payment-service-2  | Numeber of maxWorkers: 26, Queue length: 695
payment-service-1  | Numeber of maxWorkers: 26, Queue length: 692
payment-service-2  | Numeber of maxWorkers: 29, Queue length: 790
payment-service-1  | Numeber of maxWorkers: 29, Queue length: 787
payment-service-2  | Numeber of maxWorkers: 33, Queue length: 887
payment-service-1  | Numeber of maxWorkers: 33, Queue length: 883
payment-service-2  | Numeber of maxWorkers: 37, Queue length: 989
payment-service-1  | Numeber of maxWorkers: 37, Queue length: 986
payment-service-2  | Numeber of maxWorkers: 41, Queue length: 1095
payment-service-1  | Numeber of maxWorkers: 41, Queue length: 1088
payment-service-2  | Numeber of maxWorkers: 45, Queue length: 1206
payment-service-1  | Numeber of maxWorkers: 45, Queue length: 1198
payment-service-2  | Numeber of maxWorkers: 50, Queue length: 1311
payment-service-1  | Numeber of maxWorkers: 49, Queue length: 1311
payment-service-2  | Numeber of maxWorkers: 54, Queue length: 1343
payment-service-1  | Numeber of maxWorkers: 54, Queue length: 1345
payment-service-2  | Numeber of maxWorkers: 55, Queue length: 1299
payment-service-1  | Numeber of maxWorkers: 55, Queue length: 1300
payment-service-2  | Numeber of maxWorkers: 53, Queue length: 1239
payment-service-1  | Numeber of maxWorkers: 54, Queue length: 1242
payment-service-2  | Numeber of maxWorkers: 51, Queue length: 1190
payment-service-1  | Numeber of maxWorkers: 51, Queue length: 1194
payment-service-2  | Numeber of maxWorkers: 49, Queue length: 1139
payment-service-1  | Numeber of maxWorkers: 49, Queue length: 1140
payment-service-2  | Numeber of maxWorkers: 47, Queue length: 1108
payment-service-1  | Numeber of maxWorkers: 47, Queue length: 1110
payment-service-2  | Numeber of maxWorkers: 46, Queue length: 1089
payment-service-1  | Numeber of maxWorkers: 46, Queue length: 1098
payment-service-2  | Numeber of maxWorkers: 45, Queue length: 1070
payment-service-1  | Numeber of maxWorkers: 45, Queue length: 1075
payment-service-2  | Numeber of maxWorkers: 44, Queue length: 1056
payment-service-1  | Numeber of maxWorkers: 45, Queue length: 1062
payment-service-2  | Numeber of maxWorkers: 44, Queue length: 1054
payment-service-1  | Numeber of maxWorkers: 44, Queue length: 1064
payment-service-2  | Numeber of maxWorkers: 44, Queue length: 1061
payment-service-1  | Numeber of maxWorkers: 44, Queue length: 1065
payment-service-2  | Numeber of maxWorkers: 44, Queue length: 1061
payment-service-1  | Numeber of maxWorkers: 44, Queue length: 1063
payment-service-2  | Numeber of maxWorkers: 44, Queue length: 1067
payment-service-1  | Numeber of maxWorkers: 44, Queue length: 1074
payment-service-2  | Numeber of maxWorkers: 44, Queue length: 1086
payment-service-1  | Numeber of maxWorkers: 44, Queue length: 1092
payment-service-2  | Numeber of maxWorkers: 45, Queue length: 1104
payment-service-1  | Numeber of maxWorkers: 45, Queue length: 1108
payment-service-2  | Numeber of maxWorkers: 46, Queue length: 1287
payment-service-1  | Numeber of maxWorkers: 46, Queue length: 1291
payment-service-2  | Numeber of maxWorkers: 53, Queue length: 1468
payment-service-1  | Numeber of maxWorkers: 53, Queue length: 1472
payment-service-2  | Numeber of maxWorkers: 60, Queue length: 1653
payment-service-1  | Numeber of maxWorkers: 60, Queue length: 1663
payment-service-2  | Numeber of maxWorkers: 68, Queue length: 1847
payment-service-1  | Numeber of maxWorkers: 68, Queue length: 1850
payment-service-2  | Numeber of maxWorkers: 75, Queue length: 2042
payment-service-1  | Numeber of maxWorkers: 76, Queue length: 2045
payment-service-2  | Numeber of maxWorkers: 83, Queue length: 2231
payment-service-1  | Numeber of maxWorkers: 83, Queue length: 2245
payment-service-2  | Numeber of maxWorkers: 91, Queue length: 2433
payment-service-1  | Numeber of maxWorkers: 91, Queue length: 2442
payment-service-2  | Numeber of maxWorkers: 99, Queue length: 2638
payment-service-1  | Numeber of maxWorkers: 99, Queue length: 2649
payment-service-2  | Numeber of maxWorkers: 107, Queue length: 2847
payment-service-1  | Numeber of maxWorkers: 107, Queue length: 2849
payment-service-2  | Numeber of maxWorkers: 115, Queue length: 3060
payment-service-1  | Numeber of maxWorkers: 115, Queue length: 3068
payment-service-2  | Numeber of maxWorkers: 124, Queue length: 3278
payment-service-1  | Numeber of maxWorkers: 124, Queue length: 3283
payment-service-2  | Numeber of maxWorkers: 133, Queue length: 3492
payment-service-1  | Numeber of maxWorkers: 133, Queue length: 3500
payment-service-2  | Numeber of maxWorkers: 141, Queue length: 3717
payment-service-1  | Numeber of maxWorkers: 142, Queue length: 3731
payment-service-2  | Numeber of maxWorkers: 150, Queue length: 3953
payment-service-1  | Numeber of maxWorkers: 151, Queue length: 3965
payment-service-2  | Numeber of maxWorkers: 160, Queue length: 4175
payment-service-1  | Numeber of maxWorkers: 160, Queue length: 4183
payment-service-2  | Numeber of maxWorkers: 169, Queue length: 4421
payment-service-1  | Numeber of maxWorkers: 169, Queue length: 4440
payment-service-2  | Numeber of maxWorkers: 178, Queue length: 4650
payment-service-1  | Numeber of maxWorkers: 179, Queue length: 4660
payment-service-2  | Numeber of maxWorkers: 188, Queue length: 4914
payment-service-1  | Numeber of maxWorkers: 188, Queue length: 4917
payment-service-2  | Numeber of maxWorkers: 198, Queue length: 5140
payment-service-1  | Numeber of maxWorkers: 198, Queue length: 5153
payment-service-2  | Numeber of maxWorkers: 200, Queue length: 5409
payment-service-1  | Numeber of maxWorkers: 200, Queue length: 5414
payment-service-2  | Numeber of maxWorkers: 200, Queue length: 5665
payment-service-1  | Numeber of maxWorkers: 200, Queue length: 5673
payment-service-2  | Numeber of maxWorkers: 200, Queue length: 5932
payment-service-1  | Numeber of maxWorkers: 200, Queue length: 5941
payment-service-2  | Numeber of maxWorkers: 200, Queue length: 6205
payment-service-1  | Numeber of maxWorkers: 200, Queue length: 6213
payment-service-2  | Numeber of maxWorkers: 200, Queue length: 6478
payment-service-1  | Numeber of maxWorkers: 200, Queue length: 6489
payment-service-2  | Numeber of maxWorkers: 200, Queue length: 6759
payment-service-1  | Numeber of maxWorkers: 200, Queue length: 6769
payment-service-2  | Numeber of maxWorkers: 200, Queue length: 7045
payment-service-1  | Numeber of maxWorkers: 200, Queue length: 7054
payment-service-2  | Numeber of maxWorkers: 200, Queue length: 7333
payment-service-1  | Numeber of maxWorkers: 200, Queue length: 7343
payment-service-2  | Numeber of maxWorkers: 200, Queue length: 7627
payment-service-1  | Numeber of maxWorkers: 200, Queue length: 7635
payment-service-2  | Numeber of maxWorkers: 200, Queue length: 7923
payment-service-1  | Numeber of maxWorkers: 200, Queue length: 7931
payment-service-2  | Numeber of maxWorkers: 200, Queue length: 8225
payment-service-1  | Numeber of maxWorkers: 200, Queue length: 8230
payment-service-2  | Numeber of maxWorkers: 200, Queue length: 7831
payment-service-1  | Numeber of maxWorkers: 200, Queue length: 7925
payment-service-1  | Numeber of maxWorkers: 200, Queue length: 6411
payment-service-2  | Numeber of maxWorkers: 200, Queue length: 6279
payment-service-1  | Numeber of maxWorkers: 200, Queue length: 4355
payment-service-2  | Numeber of maxWorkers: 200, Queue length: 4206
payment-service-1  | Numeber of maxWorkers: 176, Queue length: 2534
payment-service-2  | Numeber of maxWorkers: 170, Queue length: 2419
payment-service-1  | Numeber of maxWorkers: 103, Queue length: 1449
payment-service-2  | Numeber of maxWorkers: 98, Queue length: 541
payment-service-1  | Numeber of maxWorkers: 59, Queue length: 0
payment-service-2  | Numeber of maxWorkers: 23, Queue length: 0
payment-service-1  | Numeber of maxWorkers: 2, Queue length: 0
payment-service-2  | Numeber of maxWorkers: 2, Queue length: 0
payment-service-1  | Numeber of maxWorkers: 2, Queue length: 0
payment-service-2  | Numeber of maxWorkers: 2, Queue length: 0
payment-service-1  | Numeber of maxWorkers: 2, Queue length: 0
payment-service-2  | Numeber of maxWorkers: 2, Queue length: 0
payment-service-1  | Numeber of maxWorkers: 2, Queue length: 0
payment-service-2  | Numeber of maxWorkers: 2, Queue length: 0
payment-service-1  | Numeber of maxWorkers: 2, Queue length: 0
payment-service-2  | Numeber of maxWorkers: 2, Queue length: 0
payment-service-1  | Numeber of maxWorkers: 2, Queue length: 0
payment-service-2  | Numeber of maxWorkers: 2, Queue length: 0
payment-service-1  | Numeber of maxWorkers: 2, Queue length: 0
payment-service-2  | Numeber of maxWorkers: 2, Queue length: 11
payment-service-1  | Numeber of maxWorkers: 2, Queue length: 76
payment-service-2  | Numeber of maxWorkers: 2, Queue length: 99
payment-service-1  | Numeber of maxWorkers: 5, Queue length: 179
payment-service-2  | Numeber of maxWorkers: 5, Queue length: 201
payment-service-1  | Numeber of maxWorkers: 9, Queue length: 378
payment-service-2  | Numeber of maxWorkers: 10, Queue length: 375
payment-service-1  | Numeber of maxWorkers: 17, Queue length: 494
payment-service-2  | Numeber of maxWorkers: 17, Queue length: 498
payment-service-1  | Numeber of maxWorkers: 21, Queue length: 590
payment-service-2  | Numeber of maxWorkers: 21, Queue length: 592
payment-service-1  | Numeber of maxWorkers: 25, Queue length: 689
payment-service-2  | Numeber of maxWorkers: 25, Queue length: 682
payment-service-1  | Numeber of maxWorkers: 29, Queue length: 764
payment-service-2  | Numeber of maxWorkers: 29, Queue length: 758
payment-service-2  | Numeber of maxWorkers: 32, Queue length: 840
payment-service-1  | Numeber of maxWorkers: 32, Queue length: 843
payment-service-2  | Numeber of maxWorkers: 35, Queue length: 901
payment-service-1  | Numeber of maxWorkers: 35, Queue length: 897
payment-service-2  | Numeber of maxWorkers: 38, Queue length: 972
payment-service-1  | Numeber of maxWorkers: 37, Queue length: 994
payment-service-2  | Numeber of maxWorkers: 40, Queue length: 1030
payment-service-1  | Numeber of maxWorkers: 41, Queue length: 1046
payment-service-2  | Numeber of maxWorkers: 43, Queue length: 1130
payment-service-1  | Numeber of maxWorkers: 43, Queue length: 1138
payment-service-1  | Numeber of maxWorkers: 47, Queue length: 1213
payment-service-2  | Numeber of maxWorkers: 47, Queue length: 1200
payment-service-1  | Numeber of maxWorkers: 50, Queue length: 1317
payment-service-2  | Numeber of maxWorkers: 50, Queue length: 1292
payment-service-1  | Numeber of maxWorkers: 54, Queue length: 1378
payment-service-2  | Numeber of maxWorkers: 53, Queue length: 1358
payment-service-1  | Numeber of maxWorkers: 57, Queue length: 1469
payment-service-2  | Numeber of maxWorkers: 56, Queue length: 1474
payment-service-1  | Numeber of maxWorkers: 61, Queue length: 1515
payment-service-2  | Numeber of maxWorkers: 60, Queue length: 1537
payment-service-1  | Numeber of maxWorkers: 62, Queue length: 1528
payment-service-2  | Numeber of maxWorkers: 63, Queue length: 1545
payment-service-1  | Numeber of maxWorkers: 63, Queue length: 1171
payment-service-2  | Numeber of maxWorkers: 63, Queue length: 1192
payment-service-1  | Numeber of maxWorkers: 48, Queue length: 503
payment-service-2  | Numeber of maxWorkers: 49, Queue length: 489
payment-service-1  | Numeber of maxWorkers: 22, Queue length: 249
payment-service-2  | Numeber of maxWorkers: 21, Queue length: 277
payment-service-1  | Numeber of maxWorkers: 11, Queue length: 314
payment-service-2  | Numeber of maxWorkers: 13, Queue length: 287
payment-service-1  | Numeber of maxWorkers: 14, Queue length: 304
payment-service-2  | Numeber of maxWorkers: 13, Queue length: 300
payment-service-1  | Numeber of maxWorkers: 14, Queue length: 296
payment-service-2  | Numeber of maxWorkers: 14, Queue length: 290
payment-service-1  | Numeber of maxWorkers: 13, Queue length: 313
payment-service-2  | Numeber of maxWorkers: 13, Queue length: 314
payment-service-1  | Numeber of maxWorkers: 14, Queue length: 315
payment-service-2  | Numeber of maxWorkers: 14, Queue length: 317
payment-service-1  | Numeber of maxWorkers: 14, Queue length: 320
payment-service-2  | Numeber of maxWorkers: 14, Queue length: 323
payment-service-1  | Numeber of maxWorkers: 14, Queue length: 339
payment-service-2  | Numeber of maxWorkers: 14, Queue length: 337
payment-service-1  | Numeber of maxWorkers: 15, Queue length: 318
payment-service-2  | Numeber of maxWorkers: 15, Queue length: 325
payment-service-1  | Numeber of maxWorkers: 14, Queue length: 332
payment-service-2  | Numeber of maxWorkers: 15, Queue length: 313
payment-service-1  | Numeber of maxWorkers: 15, Queue length: 324
payment-service-2  | Numeber of maxWorkers: 14, Queue length: 329
payment-service-1  | Numeber of maxWorkers: 14, Queue length: 372
payment-service-2  | Numeber of maxWorkers: 15, Queue length: 371
payment-service-1  | Numeber of maxWorkers: 16, Queue length: 580
payment-service-2  | Numeber of maxWorkers: 16, Queue length: 582
payment-service-1  | Numeber of maxWorkers: 25, Queue length: 657
payment-service-2  | Numeber of maxWorkers: 25, Queue length: 656
payment-service-1  | Numeber of maxWorkers: 28, Queue length: 696
payment-service-2  | Numeber of maxWorkers: 28, Queue length: 700
payment-service-1  | Numeber of maxWorkers: 29, Queue length: 740
payment-service-2  | Numeber of maxWorkers: 30, Queue length: 731
payment-service-1  | Numeber of maxWorkers: 31, Queue length: 760
payment-service-2  | Numeber of maxWorkers: 31, Queue length: 748
payment-service-1  | Numeber of maxWorkers: 32, Queue length: 766
payment-service-2  | Numeber of maxWorkers: 31, Queue length: 774
payment-service-1  | Numeber of maxWorkers: 32, Queue length: 783
payment-service-2  | Numeber of maxWorkers: 32, Queue length: 786
payment-service-1  | Numeber of maxWorkers: 33, Queue length: 784
payment-service-2  | Numeber of maxWorkers: 33, Queue length: 788
payment-service-1  | Numeber of maxWorkers: 33, Queue length: 790
payment-service-2  | Numeber of maxWorkers: 33, Queue length: 789
payment-service-1  | Numeber of maxWorkers: 33, Queue length: 793
payment-service-2  | Numeber of maxWorkers: 33, Queue length: 792
payment-service-1  | Numeber of maxWorkers: 33, Queue length: 809
payment-service-2  | Numeber of maxWorkers: 33, Queue length: 799
payment-service-1  | Numeber of maxWorkers: 34, Queue length: 828
payment-service-2  | Numeber of maxWorkers: 33, Queue length: 811
payment-service-1  | Numeber of maxWorkers: 35, Queue length: 842
payment-service-2  | Numeber of maxWorkers: 34, Queue length: 835
payment-service-1  | Numeber of maxWorkers: 35, Queue length: 855
payment-service-2  | Numeber of maxWorkers: 35, Queue length: 849
payment-service-1  | Numeber of maxWorkers: 36, Queue length: 1092
payment-service-2  | Numeber of maxWorkers: 35, Queue length: 1134
payment-service-1  | Numeber of maxWorkers: 45, Queue length: 1628
payment-service-2  | Numeber of maxWorkers: 47, Queue length: 1668
payment-service-1  | Numeber of maxWorkers: 67, Queue length: 2165
payment-service-2  | Numeber of maxWorkers: 68, Queue length: 2199
payment-service-1  | Numeber of maxWorkers: 88, Queue length: 2706
payment-service-2  | Numeber of maxWorkers: 90, Queue length: 2730
payment-service-1  | Numeber of maxWorkers: 110, Queue length: 3253
payment-service-2  | Numeber of maxWorkers: 111, Queue length: 3268
payment-service-1  | Numeber of maxWorkers: 132, Queue length: 3772
payment-service-2  | Numeber of maxWorkers: 132, Queue length: 3822
payment-service-1  | Numeber of maxWorkers: 152, Queue length: 4305
payment-service-2  | Numeber of maxWorkers: 155, Queue length: 4372
payment-service-1  | Numeber of maxWorkers: 174, Queue length: 4842
payment-service-2  | Numeber of maxWorkers: 177, Queue length: 4889
payment-service-1  | Numeber of maxWorkers: 195, Queue length: 5395
payment-service-2  | Numeber of maxWorkers: 197, Queue length: 5465
payment-service-1  | Numeber of maxWorkers: 200, Queue length: 5967
payment-service-2  | Numeber of maxWorkers: 200, Queue length: 6021
payment-service-1  | Numeber of maxWorkers: 200, Queue length: 6547
payment-service-2  | Numeber of maxWorkers: 200, Queue length: 6602
payment-service-1  | Numeber of maxWorkers: 200, Queue length: 7133
payment-service-2  | Numeber of maxWorkers: 200, Queue length: 7178
payment-service-1  | Numeber of maxWorkers: 200, Queue length: 7723
payment-service-2  | Numeber of maxWorkers: 200, Queue length: 7768
payment-service-1  | Numeber of maxWorkers: 200, Queue length: 8317
payment-service-2  | Numeber of maxWorkers: 200, Queue length: 8363
payment-service-1  | Numeber of maxWorkers: 200, Queue length: 8915
payment-service-2  | Numeber of maxWorkers: 200, Queue length: 8962
payment-service-1  | Numeber of maxWorkers: 200, Queue length: 9453
payment-service-2  | Numeber of maxWorkers: 200, Queue length: 9438
[Knginx-lb exited with code 0
payment-service-2  | create index success
payment-service-1  | index already exists, skipping creation
[Kpayment-service-2 exited with code 2
[Kpayment-service-1 exited with code 2
redis              | 1:signal-handler (1755755656) Received SIGTERM scheduling shutdown...
redis              | 1:M 21 Aug 2025 05:54:16.435 * User requested shutdown...
redis              | 1:M 21 Aug 2025 05:54:16.435 # Redis is now ready to exit, bye bye...
log truncated at line 1000
